src/app/dashboard/realisasi/components/tabs/buku-besar-tab.tsx(47,51): error TS2554: Expected 0 arguments, but got 1.
