src/app/dashboard/realisasi/components/account-list.tsx(151,22): error TS2339: Property 'is_default' does not exist on type 'AccountItem'.
src/app/dashboard/realisasi/components/account-list.tsx(157,23): error TS2339: Property 'is_default' does not exist on type 'AccountItem'.
src/app/dashboard/realisasi/components/account-list.tsx(278,22): error TS2339: Property 'is_default' does not exist on type 'AccountItem'.
src/app/dashboard/realisasi/components/account-list.tsx(284,23): error TS2339: Property 'is_default' does not exist on type 'AccountItem'.
src/app/dashboard/realisasi/components/categories.tsx(153,108): error TS2339: Property 'is_default' does not exist on type 'TransactionCategory'.
src/app/dashboard/realisasi/components/categories.tsx(162,35): error TS2339: Property 'is_default' does not exist on type 'TransactionCategory'.
src/app/dashboard/realisasi/components/categories.tsx(171,36): error TS2339: Property 'is_default' does not exist on type 'TransactionCategory'.
